// Jest Snapshot v1, https://goo.gl/fbAQLP

exports[`Select matches snapshot 1`] = `
<Select>
  <label />
  <select
    className="select"
    defaultValue=""
    onChange={[Function]}
  >
    <option
      disabled={true}
      id="disabled"
      value=""
    >
      Select your business
    </option>
    <option
      key="0"
      value="Logistics"
    >
      Logistics
    </option>
    <option
      key="1"
      value="E-Commerce"
    >
      E-Commerce
    </option>
    <option
      key="2"
      value="Tech"
    >
      Tech
    </option>
    <option
      key="3"
      value="Retail"
    >
      Retail
    </option>
    <option
      key="4"
      value="Other"
    >
      Other
    </option>
  </select>
</Select>
`;
